[000]B00 037 A00 030 [## INCREMENTER ## (B) Load m_NUMTOINCREMENT into A, (A) Add m_ONE to A]
[001]H00 037 L00 031 [(H) Store A in m_NUMTOINCREMENT, [(L) Load m_HUNDRED into L]
[002]T00 028 H00 040 [(T) If A > L, jump to m_HALTER, (H) Load A into m_NUMTODIVIDE]

[003]B00 040 S00 032 [## m_DIVIDE_BY_THREE ## (B) Load m_NUMTODIVIDE into A, (S) Subtract A by m_THREE] 
[004]H00 040 L00 041 [(H) Load A into m_NUMTODIVIDE, (L) Load m_EQUALZERO into L]
[005]Q00 020 K00 000 [(Q) If A == L, jump to m_FIZZFLAGGER, (K) Move A to L and set A to 0]
[006]B00 029 T00 008 [(B) Set A to m_ZERO which is needed for awful reasons, (T) if A > L, jump to m_PREP_DIVIDE_BY_FIVE]
[007]U00 003 U00 003 [(U) Jump to m_DIVIDE_BY_THREE]

[008]B00 037 H00 040 [## m_PREP_DIVIDE_BY_FIVE ## (B) Load m_NUMTOINCREMENT into A, (H) Load A into m_NUMTODIVIDE] 
[009]U00 010 U00 010

[010]B00 040 S00 033 [## m_DIVIDE_BY_FIVE ## (B) Load m_NUMTODIVIDE into A, (S) Subtract A by m_FIVE] 
[011]H00 040 L00 041 [(H) Load A into m_NUMTODIVIDE, (L) Load m_EQUALZERO into L]
[012]Q00 022 K00 022 [(Q) If A == L, jump to m_BUZZFLAGGER, (K) Move A to L and set A to 0]
[013]B00 029 T00 015 [(B) Set A to m_ZERO, (T) if A > L, jump to m_PRINTER]
[014]U00 010 U00 010 [(U) Jump to m_DIVIDE_BY_FIVE]

[015]L00 030 B00 038 [## m_PRINTER ## (L) Load m_ONE into L, (B) Load m_FIZZ_FLAGGER into A] 
### ALLCONDITIONALS GOTTA BE ON RIGHT ###
[016]Q00 024 B00 039 [(Q) If A == L, jump to m_FIZZ_PRINTER, (B) Load m_BUZZ_FLAGGER into A]
### ALL CONDITIONALS GOTTA BE ON RIGHT ###
### NEED TO HAVE VAR TO PRINT NUMTOINCREMENT  ###
[017]Q00 026 500 037 [(Q) If A == L, jump to m_BUZZ_PRINTER, (50) Print m_NUMTOINCREMENT]
[018]U00 000 U00 000 [(U) Jump to m_INCREMENTER]
[019]U00 020 U00 020

[020]F00 030 G00 038 [## m_FIZZ_FLAGGER ## (F) Load 1 to F, (G) Store F in m_FIZZ_FLAGGER]
[021]U00 010 U00 010 [(U) Jump to m_DIVIDE_BY_FIVE]

[022]F00 030 G00 039 [## m_BUZZ_FLAGGER ## (F) Load 1 to F, (G) Store F in m_BUZZ_FLAGGER] 
[023]U00 015 U00 015 [(U) Jump to m_PRINTER]

[024]B00 039 Q00 027 [## m_FIZZ_PRINTER ## (B) Load m_BUZZ_FLAG into A, (Q) if A == L, jump to m_FIZZBUZZ_PRINTER] 
[025]500 034 U00 000 [(50) Print m_FIZZ, (U) Jump to m_INCREMENTER]

[026]500 035 U00 000 [## m_BUZZ_PRINTER ## (50) Print m_BUZZ, (U) Jump to m_INCREMENTER] 

[027]500 036 U00 000 [## m_FIZZBUZZ_PRINTER ## (50) Print m_FIZZBUZZ, (U) Jump to m_INCREMENTER ]

[028]900 000 000 000 [## HALTER ## (90) halt machine ]
[029]00000000000 [m_ZERO] 
[030]00000000010 [m_ONE]
[031]00000001000 [m_HUNDRED]
[032]00000000030 [m_THREE]
[033]00000000050 [m_FIVE]
[034]Fizz\d\d\d\d\d\d\d\r [m_FIZZ]
[035]Buzz\d\d\d\d\d\d\d\r [m_BUZZ]
[036]FizzBuzz\d\d\d\r [m_FIZZBUZZ]
[037]00000000000\R [m_NUMTOINCREMENT ## VARIABLES ##]
[038]000000000000 [m_FIZZ_FLAG]
[039]000000000000 [m_BUZZ_FLAG]
[040]000000000000 [m_NUMTODIVIDE]
[041]-00000000000 [m_EQUALZERO]